Generated number: 1
Generated number: 2
Generated number: 3